// Vitest Snapshot v1, https://vitest.dev/guide/snapshot.html

exports[`input > onSearch 1`] = `
{
  "search": [Function],
}
`;
